[-15039634ms] [ERROR] Failed to load resource: net::ERR_BLOCKED_BY_CLIENT @ https://static.cloudflareinsights.com/beacon.min.js/v4513226cdae34746b4dedf0b4dfa099e1781791509496:0
[-15038922ms] [INFO] This page uses Chrome's Built-In AI features (LanguageDetector)! We're always improving our models; please submit your feedback here: https://issues.chromium.org/issues/new?component=1583316 @ chrome-extension://gjkaolmncjlagdhkamocpknlngfbfmnm/content_script.js:4893
[-14894542ms] [VERBOSE] [DOM] Password forms should have (optionally hidden) username fields for accessibility: (More info: https://goo.gl/9p2vKq) %o @ https://newapi.0t0.me/system-settings/operations/worker:0
[-14833934ms] [VERBOSE] [DOM] Input elements should have autocomplete attributes (suggested: "current-password"): (More info: https://goo.gl/9p2vKq) %o @ https://newapi.0t0.me/users:0
[-14817504ms] [VERBOSE] [DOM] Input elements should have autocomplete attributes (suggested: "current-password"): (More info: https://goo.gl/9p2vKq) %o @ https://newapi.0t0.me/users:0
[-14056103ms] [VERBOSE] [DOM] Password forms should have (optionally hidden) username fields for accessibility: (More info: https://goo.gl/9p2vKq) %o @ https://newapi.0t0.me/system-settings/billing/payment:0
[-14053648ms] [VERBOSE] [DOM] Password forms should have (optionally hidden) username fields for accessibility: (More info: https://goo.gl/9p2vKq) %o @ https://newapi.0t0.me/system-settings/billing/payment:0
[-14003057ms] [VERBOSE] [DOM] Input elements should have autocomplete attributes (suggested: "new-password"): (More info: https://goo.gl/9p2vKq) %o @ https://newapi.0t0.me/system-settings/billing/payment:0
[-14003057ms] [VERBOSE] [DOM] Input elements should have autocomplete attributes (suggested: "new-password"): (More info: https://goo.gl/9p2vKq) %o @ https://newapi.0t0.me/system-settings/billing/payment:0
[-14000845ms] [VERBOSE] [DOM] Password forms should have (optionally hidden) username fields for accessibility: (More info: https://goo.gl/9p2vKq) %o @ https://newapi.0t0.me/system-settings/billing/payment:0
[-15038545ms] [LOG] Immersive Translate INFO: sync remote rules success, latest: 2026/8/1 23:45:36 @ chrome-extension://gjkaolmncjlagdhkamocpknlngfbfmnm/content_script.js:4873
[-14120550ms] [ERROR] TypeError: Cannot read properties of undefined (reading '_nonReactive')
    at A (https://newapi.0t0.me/static/js/vendor-tanstack.74c48f25c5.js:2:83371)
    at async Promise.all (index 1)
    at async V (https://newapi.0t0.me/static/js/vendor-tanstack.74c48f25c5.js:2:84287)
    at async J.preloadRoute (https://newapi.0t0.me/static/js/vendor-tanstack.74c48f25c5.js:2:109115) @ https://newapi.0t0.me/static/js/vendor-tanstack.74c48f25c5.js:1
[-14120523ms] [ERROR] TypeError: Cannot read properties of undefined (reading '_nonReactive')
    at A (https://newapi.0t0.me/static/js/vendor-tanstack.74c48f25c5.js:2:83371)
    at async Promise.all (index 2)
    at async V (https://newapi.0t0.me/static/js/vendor-tanstack.74c48f25c5.js:2:84287)
    at async J.preloadRoute (https://newapi.0t0.me/static/js/vendor-tanstack.74c48f25c5.js:2:109115) @ https://newapi.0t0.me/static/js/vendor-tanstack.74c48f25c5.js:1
