[     547ms] [VERBOSE] [DOM] Password field is not contained in a form: (More info: https://goo.gl/9p2vKq) %o @ http://localhost:5201/settings.html:0
[     822ms] TypeError: Cannot read properties of undefined (reading 'transformCallback')
    at transformCallback (http://localhost:5201/node_modules/.vite/deps/chunk-G7S6KQDI.js?v=4ca342c4:22:37)
    at listen (http://localhost:5201/node_modules/.vite/deps/chunk-7FCLUC5I.js?v=4ca342c4:39:14)
    at http://localhost:5201/src/settings.ts?t=1785746875267:211:1
[     823ms] TypeError: Cannot read properties of undefined (reading 'transformCallback')
    at transformCallback (http://localhost:5201/node_modules/.vite/deps/chunk-G7S6KQDI.js?v=4ca342c4:22:37)
    at listen (http://localhost:5201/node_modules/.vite/deps/chunk-7FCLUC5I.js?v=4ca342c4:39:14)
    at initPetControls (http://localhost:5201/src/settings.ts?t=1785746875267:831:8)
    at http://localhost:5201/src/settings.ts?t=1785746875267:1781:1
[     825ms] TypeError: Cannot read properties of undefined (reading 'transformCallback')
    at transformCallback (http://localhost:5201/node_modules/.vite/deps/chunk-G7S6KQDI.js?v=4ca342c4:22:37)
    at listen (http://localhost:5201/node_modules/.vite/deps/chunk-7FCLUC5I.js?v=4ca342c4:39:14)
    at initPetControls (http://localhost:5201/src/settings.ts?t=1785746875267:832:8)
    at http://localhost:5201/src/settings.ts?t=1785746875267:1781:1
[     827ms] TypeError: Cannot read properties of undefined (reading 'transformCallback')
    at transformCallback (http://localhost:5201/node_modules/.vite/deps/chunk-G7S6KQDI.js?v=4ca342c4:22:37)
    at listen (http://localhost:5201/node_modules/.vite/deps/chunk-7FCLUC5I.js?v=4ca342c4:39:14)
    at initAnimations (http://localhost:5201/src/settings.ts?t=1785746875267:1037:8)
    at http://localhost:5201/src/settings.ts?t=1785746875267:1783:1
[    2460ms] [INFO] This page uses Chrome's Built-In AI features (LanguageDetector)! We're always improving our models; please submit your feedback here: https://issues.chromium.org/issues/new?component=1583316 @ chrome-extension://gjkaolmncjlagdhkamocpknlngfbfmnm/content_script.js:4893
